Microchip MPLAB XC8 Compiler V2.41

Linker command line:

-W-3 \
  --edf=C:/Program Files/Microchip/MPLABX/v6.10/packs/Microchip/PIC16Fxxx_DFP/1.4.149/xc8\pic\dat\20230322214319_en.msgs \
  -cn -h+dist/default/production\BONUS_CODE.X.production.sym \
  --cmf=dist/default/production\BONUS_CODE.X.production.cmf -z -Q16F877A \
  -oC:\Users\j3\AppData\Local\Temp\xcAsbt8.\driver_tmp_3.o \
  --defsym=__MPLAB_BUILD=1 --fixupoverflow=error \
  -Mdist/default/production/BONUS_CODE.X.production.map \
  --md=C:\Users\j3\AppData\Local\Temp\xcAsbt8.\driver_tmp_0.dat -E1 \
  -ver=XC8 Compiler --acfsm=1493 -ACODE=00h-07FFhx4 -ASTRCODE=00h-01FFFh \
  -ASTRING=00h-0FFhx32 -ACONST=00h-0FFhx32 -AENTRY=00h-0FFhx32 \
  -ACOMMON=070h-07Fh -ABANK0=020h-06Fh -ABANK1=0A0h-0EFh \
  -ABANK2=0110h-016Fh -ABANK3=0190h-01EFh \
  -ARAM=020h-06Fh,0A0h-0EFh,0110h-016Fh,0190h-01EFh \
  -AABS1=020h-07Fh,0A0h-0EFh,0110h-016Fh,0190h-01EFh -ASFR0=00h-01Fh \
  -ASFR1=080h-09Fh -ASFR2=0100h-010Fh -ASFR3=0180h-018Fh \
  -ACONFIG=02007h-02007h -DCONFIG=2 -AIDLOC=02000h-02003h -DIDLOC=2 \
  -AEEDATA=00h-0FFh/02100h -peeprom_data=EEDATA -DEEDATA=2 -DCODE=2 \
  -DSTRCODE=2 -DSTRING=2 -DCONST=2 -DENTRY=2 \
  -preset_vec=00h,intentry,init,end_init -ppowerup=CODE -pcinit=CODE \
  -pfunctab=ENTRY -k \
  C:\Users\j3\AppData\Local\Temp\xcAsbt8.\driver_tmp_17.o \
  dist/default/production\BONUS_CODE.X.production.o 

Object code version is 3.11

Machine type is 16F877A



                Name                               Link     Load   Length Selector   Space Scale
C:\Users\j3\AppData\Local\Temp\xcAsbt8.\driver_tmp_17.o
                end_init                              0        0        3        0       0
                config                             2007     2007        1        0       4
dist/default/production\BONUS_CODE.X.production.o
                cinit                               7FC      7FC        4      FF8       0
                config                             2007     2007        1        0       4
                text16                              479      479        9      8F2       0
                text15                              505      505       23      A0A       0
                text14                              4EF      4EF       16      9DE       0
                text13                              49C      49C       10      938       0
                text12                              48E      48E        E      91C       0
                text11                              482      482        C      904       0
                text10                              573      573       33      AE6       0
                text9                               4AC      4AC       10      958       0
                text8                               4BC      4BC       10      978       0
                text7                               5E0      5E0       44      BC0       0
                text6                               5A6      5A6       3A      B4C       0
                text5                               528      528       25      A50       0
                text4                               4DD      4DD       12      9BA       0
                text3                               678      678      184      CF0       0
                text2                               4CC      4CC       11      998       0
                text1                               54D      54D       26      A9A       0
                maintext                            624      624       54      C48       0
                cstackBANK0                          20       20       19       20       1
                cstackCOMMON                         70       70        C       70       1
                strings                               3        3       36        6       0

TOTAL           Name                               Link     Load   Length     Space
        CLASS   CODE           
                end_init                              0        0        3         0
                cinit                               7FC      7FC        4         0
                text16                              479      479        9         0
                text15                              505      505       23         0
                text14                              4EF      4EF       16         0
                text13                              49C      49C       10         0
                text12                              48E      48E        E         0
                text11                              482      482        C         0
                text10                              573      573       33         0
                text9                               4AC      4AC       10         0
                text8                               4BC      4BC       10         0
                text7                               5E0      5E0       44         0
                text6                               5A6      5A6       3A         0
                text5                               528      528       25         0
                text4                               4DD      4DD       12         0
                text3                               678      678      184         0
                text2                               4CC      4CC       11         0
                text1                               54D      54D       26         0
                maintext                            624      624       54         0

        CLASS   STRCODE        

        CLASS   STRING         
                strings                               3        3       36         0

        CLASS   CONST          

        CLASS   ENTRY          

        CLASS   COMMON         
                cstackCOMMON                         70       70        C         1

        CLASS   BANK0          
                cstackBANK0                          20       20       19         1

        CLASS   BANK1          

        CLASS   BANK2          

        CLASS   BANK3          

        CLASS   RAM            

        CLASS   ABS1           
                abs_s1                               7E       7E        2         1

        CLASS   SFR0           

        CLASS   SFR1           

        CLASS   SFR2           

        CLASS   SFR3           

        CLASS   CONFIG         
                config                             2007     2007        1         4

        CLASS   IDLOC          

        CLASS   EEDATA         

        CLASS   STACK          



SEGMENTS        Name                           Load    Length   Top    Selector   Space  Class     Delta

                reset_vec                      000000  000003  000003         0       0  CODE        2
                strings                        000003  000036  000039         6       0  STRING      2
                cstackBANK0                    000020  000019  000039        20       1  BANK0       1
                cstackCOMMON                   000070  00000C  00007C        70       1  COMMON      1
                text16                         000479  000009  000482       8F2       0  CODE        2
                text11                         000482  00000C  00048E       904       0  CODE        2
                text12                         00048E  00000E  00049C       91C       0  CODE        2
                text13                         00049C  000010  0004AC       938       0  CODE        2
                text9                          0004AC  000010  0004BC       958       0  CODE        2
                text8                          0004BC  000010  0004CC       978       0  CODE        2
                text2                          0004CC  000011  0004DD       998       0  CODE        2
                text4                          0004DD  000012  0004EF       9BA       0  CODE        2
                text14                         0004EF  000016  000505       9DE       0  CODE        2
                text15                         000505  000023  000528       A0A       0  CODE        2
                text5                          000528  000025  00054D       A50       0  CODE        2
                text1                          00054D  000026  000573       A9A       0  CODE        2
                text10                         000573  000033  0005A6       AE6       0  CODE        2
                text6                          0005A6  00003A  0005E0       B4C       0  CODE        2
                text7                          0005E0  000044  000624       BC0       0  CODE        2
                maintext                       000624  000054  000678       C48       0  CODE        2
                text3                          000678  000184  0007FC       CF0       0  CODE        2
                cinit                          0007FC  000004  000800       FF8       0  CODE        2


UNUSED ADDRESS RANGES

        Name                Unused          Largest block    Delta
        BANK0            0039-006F             37           1
        BANK1            00A0-00EF             50           1
        BANK2            0110-016F             60           1
        BANK3            0190-01EF             60           1
        CODE             0039-0478            440           2
                         0800-1FFF            800
        COMMON           007C-007D              2           1
        CONST            0039-0478            100           2
                         0800-1FFF            100
        EEDATA           2100-21FF            100           2
        ENTRY            0039-0478            100           2
                         0800-1FFF            100
        IDLOC            2000-2003              4           2
        RAM              0039-006F             37           1
                         00A0-00EF             50
                         0110-016F             60
                         0190-01EF             60
        SFR0             0000-001F             20           1
        SFR1             0080-009F             20           1
        SFR2             0100-010F             10           1
        SFR3             0180-018F             10           1
        STRCODE          0039-0478            440           2
                         0800-1FFF           1800
        STRING           0039-0478            100           2
                         0800-1FFF            100

                                  Symbol Table

?_ADC_read               cstackCOMMON 0070
?___lwdiv                cstackCOMMON 0070
?___lwmod                cstackCOMMON 0077
?___wmul                 cstackCOMMON 0070
?_sprintf                cstackBANK0  0020
ADC_read@channel         cstackCOMMON 0070
ADC_read@reading         cstackCOMMON 0073
LCD_write@x              cstackCOMMON 0072
_ADCON0                  (abs)        001F
_ADCON1                  (abs)        009F
_ADC_init                text16       0479
_ADC_read                text15       0505
_ADRESH                  (abs)        001E
_ADRESL                  (abs)        009E
_GO_nDONE                (abs)        00FA
_LCD_clear               text13       049C
_LCD_enable              text12       048E
_LCD_init                text10       0573
_LCD_line1               text9        04AC
_LCD_line2               text8        04BC
_LCD_write               text2        04CC
_PORTD                   (abs)        0008
_RA1                     (abs)        0029
_RE0                     (abs)        0048
_RE1                     (abs)        0049
_RE2                     (abs)        004A
_TRISD                   (abs)        0088
_TRISE                   (abs)        0089
__H__absolute__          __absolute__ 0000
__Habs1                  abs1         0000
__Hbank0                 bank0        0000
__Hbank1                 bank1        0000
__Hbank2                 bank2        0000
__Hbank3                 bank3        0000
__Hcinit                 cinit        0800
__Hclrtext               clrtext      0000
__Hcode                  code         0000
__Hcommon                common       0000
__Hconfig                config       2008
__HcstackBANK0           cstackBANK0  0000
__HcstackCOMMON          cstackCOMMON 0000
__Heeprom_data           eeprom_data  0000
__Hend_init              end_init     0003
__Hfunctab               functab      0000
__Hinit                  init         0000
__Hintentry              intentry     0000
__Hmaintext              maintext     0000
__Hpowerup               powerup      0000
__Hram                   ram          0000
__Hreset_vec             reset_vec    0000
__Hsfr0                  sfr0         0000
__Hsfr1                  sfr1         0000
__Hsfr2                  sfr2         0000
__Hsfr3                  sfr3         0000
__Hspace_0               (abs)        0800
__Hspace_1               (abs)        007C
__Hspace_2               (abs)        0000
__Hspace_3               (abs)        0000
__Hspace_4               (abs)        400F
__Hstack                 stack        0000
__Hstrings               strings      0000
__Htext                  text         0000
__L__absolute__          __absolute__ 0000
__Labs1                  abs1         0000
__Lbank0                 bank0        0000
__Lbank1                 bank1        0000
__Lbank2                 bank2        0000
__Lbank3                 bank3        0000
__Lcinit                 cinit        07FC
__Lclrtext               clrtext      0000
__Lcode                  code         0000
__Lcommon                common       0000
__Lconfig                config       0000
__LcstackBANK0           cstackBANK0  0000
__LcstackCOMMON          cstackCOMMON 0000
__Leeprom_data           eeprom_data  0000
__Lend_init              end_init     0000
__Lfunctab               functab      0000
__Linit                  init         0000
__Lintentry              intentry     0000
__Lmaintext              maintext     0000
__Lpowerup               powerup      0000
__Lram                   ram          0000
__Lreset_vec             reset_vec    0000
__Lsfr0                  sfr0         0000
__Lsfr1                  sfr1         0000
__Lsfr2                  sfr2         0000
__Lsfr3                  sfr3         0000
__Lspace_0               (abs)        0000
__Lspace_1               (abs)        0000
__Lspace_2               (abs)        0000
__Lspace_3               (abs)        0000
__Lspace_4               (abs)        0000
__Lstack                 stack        0000
__Lstrings               strings      0000
__Ltext                  text         0000
__S0                     (abs)        0800
__S1                     (abs)        007C
__S3                     (abs)        0000
___int_sp                stack        0000
___latbits               (abs)        0002
___lwdiv                 text7        05E0
___lwdiv@counter         cstackCOMMON 0076
___lwdiv@dividend        cstackCOMMON 0072
___lwdiv@divisor         cstackCOMMON 0070
___lwdiv@quotient        cstackCOMMON 0074
___lwmod                 text6        05A6
___lwmod@counter         cstackCOMMON 007B
___lwmod@dividend        cstackCOMMON 0079
___lwmod@divisor         cstackCOMMON 0077
___sp                    stack        0000
___stackhi               (abs)        0000
___stacklo               (abs)        0000
___wmul                  text5        0528
___wmul@multiplicand     cstackCOMMON 0072
___wmul@multiplier       cstackCOMMON 0070
___wmul@product          cstackCOMMON 0074
__end_of_ADC_init        text16       0482
__end_of_ADC_read        text15       0528
__end_of_LCD_clear       text13       04AC
__end_of_LCD_enable      text12       049C
__end_of_LCD_init        text10       05A6
__end_of_LCD_line1       text9        04BC
__end_of_LCD_line2       text8        04CC
__end_of_LCD_write       text2        04DD
__end_of___lwdiv         text7        0624
__end_of___lwmod         text6        05E0
__end_of___wmul          text5        054D
__end_of__initialization cinit        07FC
__end_of__stringtab      strings      0013
__end_of_delay           text14       0505
__end_of_dpowers         strings      001D
__end_of_init            text11       048E
__end_of_isdigit         text4        04EF
__end_of_main            maintext     0678
__end_of_sprintf         text3        07FC
__end_of_writeWord       text1        0573
__initialization         cinit        07FC
__pcstackBANK0           cstackBANK0  0020
__pcstackCOMMON          cstackCOMMON 0070
__pmaintext              maintext     0624
__pstrings               strings      0003
__ptext1                 text1        054D
__ptext10                text10       0573
__ptext11                text11       0482
__ptext12                text12       048E
__ptext13                text13       049C
__ptext14                text14       04EF
__ptext15                text15       0505
__ptext16                text16       0479
__ptext2                 text2        04CC
__ptext3                 text3        0678
__ptext4                 text4        04DD
__ptext5                 text5        0528
__ptext6                 text6        05A6
__ptext7                 text7        05E0
__ptext8                 text8        04BC
__ptext9                 text9        04AC
__stringbase             strings      0012
__stringtab              strings      0003
_delay                   text14       04EF
_dpowers                 strings      0013
_init                    text11       0482
_isdigit                 text4        04DD
_isdigit$558             cstackCOMMON 0070
_main                    maintext     0624
_sprintf                 text3        0678
_writeWord               text1        054D
btemp                    (abs)        007E
delay@i                  cstackCOMMON 0070
end_of_initialization    cinit        07FC
intlevel0                functab      0000
intlevel1                functab      0000
intlevel2                functab      0000
intlevel3                functab      0000
intlevel4                functab      0000
intlevel5                functab      0000
isdigit@c                cstackCOMMON 0071
main@buffer              cstackBANK0  002F
main@reading             cstackBANK0  0037
reset_vec                reset_vec    0000
sprintf@ap               cstackBANK0  0026
sprintf@c                cstackBANK0  002E
sprintf@f                cstackBANK0  0020
sprintf@flag             cstackBANK0  0027
sprintf@prec             cstackBANK0  002A
sprintf@sp               cstackBANK0  002B
sprintf@val              cstackBANK0  0028
sprintf@width            cstackBANK0  002C
start                    init         0000
start_initialization     cinit        07FC
writeWord@word           cstackCOMMON 0073
wtemp0                   (abs)        007E


MODULE INFORMATION

Module		Function		Class		Link	Load	Size
C:\Program Files\Microchip\xc8\v2.41\pic\sources\c90\common\Umul16.c
		___wmul        		CODE           	0528	0000	37

C:\Program Files\Microchip\xc8\v2.41\pic\sources\c90\common\Umul16.c estimated size: 37

C:\Program Files\Microchip\xc8\v2.41\pic\sources\c90\common\lwdiv.c
		___lwdiv       		CODE           	05E0	0000	68

C:\Program Files\Microchip\xc8\v2.41\pic\sources\c90\common\lwdiv.c estimated size: 68

./lcd.h
		_init          		CODE           	0482	0000	12
		_LCD_clear     		CODE           	049C	0000	16
		_delay         		CODE           	04EF	0000	22
		_LCD_write     		CODE           	04CC	0000	17
		_LCD_enable    		CODE           	048E	0000	14
		_LCD_init      		CODE           	0573	0000	51
		_LCD_line1     		CODE           	04AC	0000	16
		_LCD_line2     		CODE           	04BC	0000	16

./lcd.h estimated size: 164

C:\Program Files\Microchip\xc8\v2.41\pic\sources\c90\common\isdigit.c
		_isdigit       		CODE           	04DD	0000	18

C:\Program Files\Microchip\xc8\v2.41\pic\sources\c90\common\isdigit.c estimated size: 18

display_adc_reading_lcd.c
		_main          		CODE           	0624	0000	84
		_ADC_read      		CODE           	0505	0000	35
		_ADC_init      		CODE           	0479	0000	9
		_writeWord     		CODE           	054D	0000	38

display_adc_reading_lcd.c estimated size: 166

shared
		__stringtab    		STRING         	0003	0000	16
		_dpowers       		STRING         	0013	0000	10
		__initialization		CODE           	07FC	0000	1

shared estimated size: 27

C:\Program Files\Microchip\xc8\v2.41\pic\sources\c90\common\doprnt.c
		_sprintf       		CODE           	0678	0000	388

C:\Program Files\Microchip\xc8\v2.41\pic\sources\c90\common\doprnt.c estimated size: 388

C:\Program Files\Microchip\xc8\v2.41\pic\sources\c90\common\lwmod.c
		___lwmod       		CODE           	05A6	0000	58

C:\Program Files\Microchip\xc8\v2.41\pic\sources\c90\common\lwmod.c estimated size: 58

