Microchip MPLAB XC8 Compiler V2.41

Linker command line:

-W-3 \
  --edf=C:/Program Files/Microchip/MPLABX/v6.10/packs/Microchip/PIC16Fxxx_DFP/1.4.149/xc8\pic\dat\20230322214319_en.msgs \
  -cn -h+dist/default/debug\CODE_7.X.debug.sym \
  --cmf=dist/default/debug\CODE_7.X.debug.cmf -z -Q16F877A \
  -oC:\Users\j3\AppData\Local\Temp\xcAs2o4.\driver_tmp_3.o \
  --defsym=__MPLAB_BUILD=1 --fixupoverflow=error \
  -Mdist/default/debug/CODE_7.X.debug.map \
  --md=C:\Users\j3\AppData\Local\Temp\xcAs2o4.\driver_tmp_0.dat -E1 \
  -ver=XC8 Compiler --acfsm=1493 -ACODE=00h-07FFhx3,01800h-01EFFh \
  -ASTRCODE=00h-01EFFh -ASTRING=00h-0FFhx31 -ACONST=00h-0FFhx31 \
  -AENTRY=00h-0FFhx31 -ACOMMON=071h-07Fh -ABANK0=020h-06Fh \
  -ABANK1=0A0h-0EFh -ABANK2=0110h-016Fh -ABANK3=0190h-01E4h \
  -ARAM=020h-06Fh,0A0h-0EFh,0110h-016Fh,0190h-01E4h \
  -AABS1=020h-07Fh,0A0h-0EFh,0110h-016Fh,0190h-01EFh -ASFR0=00h-01Fh \
  -ASFR1=080h-09Fh -ASFR2=0100h-010Fh -ASFR3=0180h-018Fh \
  -ACONFIG=02007h-02007h -DCONFIG=2 -AIDLOC=02000h-02003h -DIDLOC=2 \
  -AEEDATA=00h-0FFh/02100h -peeprom_data=EEDATA -DEEDATA=2 -DCODE=2 \
  -DSTRCODE=2 -DSTRING=2 -DCONST=2 -DENTRY=2 \
  -preset_vec=00h,intentry,init,end_init -ppowerup=CODE -pcinit=CODE \
  -pfunctab=ENTRY -k \
  C:\Users\j3\AppData\Local\Temp\xcAs2o4.\driver_tmp_12.o \
  dist/default/debug\CODE_7.X.debug.o 

Object code version is 3.11

Machine type is 16F877A



                Name                               Link     Load   Length Selector   Space Scale
C:\Users\j3\AppData\Local\Temp\xcAs2o4.\driver_tmp_12.o
                end_init                              1        1        3        0       0
                reset_vec                             0        0        1        0       0
                config                             2007     2007        1        0       4
dist/default/debug\CODE_7.X.debug.o
                cinit                               7FC      7FC        4      FF8       0
                config                             2007     2007        1        0       4
                text8                               706      706       16      E0C       0
                text7                               6C3      6C3        E      D86       0
                text6                               6B7      6B7        C      D6E       0
                text5                               73B      73B       33      E76       0
                text4                               6D1      6D1       10      DA2       0
                text3                               6E1      6E1       11      DC2       0
                text2                               71C      71C       1F      E38       0
                text1                               76E      76E       8E      EDC       0
                maintext                            6F2      6F2       14      DE4       0
                cstackBANK0                          20       20        9       20       1
                cstackCOMMON                         71       71        8       71       1
                strings                               4        4       10        8       0

TOTAL           Name                               Link     Load   Length     Space
        CLASS   CODE           
                end_init                              1        1        3         0
                cinit                               7FC      7FC        4         0
                reset_vec                             0        0        1         0
                text8                               706      706       16         0
                text7                               6C3      6C3        E         0
                text6                               6B7      6B7        C         0
                text5                               73B      73B       33         0
                text4                               6D1      6D1       10         0
                text3                               6E1      6E1       11         0
                text2                               71C      71C       1F         0
                text1                               76E      76E       8E         0
                maintext                            6F2      6F2       14         0

        CLASS   STRCODE        

        CLASS   STRING         
                strings                               4        4       10         0

        CLASS   CONST          

        CLASS   ENTRY          

        CLASS   COMMON         
                cstackCOMMON                         71       71        8         1

        CLASS   BANK0          
                cstackBANK0                          20       20        9         1

        CLASS   BANK1          

        CLASS   BANK2          

        CLASS   BANK3          

        CLASS   RAM            

        CLASS   ABS1           
                abs_s1                               7E       7E        2         1

        CLASS   SFR0           

        CLASS   SFR1           

        CLASS   SFR2           

        CLASS   SFR3           

        CLASS   CONFIG         
                config                             2007     2007        1         4

        CLASS   IDLOC          

        CLASS   EEDATA         

        CLASS   STACK          



SEGMENTS        Name                           Load    Length   Top    Selector   Space  Class     Delta

                reset_vec                      000000  000004  000004         0       0  CODE        2
                strings                        000004  000010  000014         8       0  STRING      2
                cstackBANK0                    000020  000009  000029        20       1  BANK0       1
                cstackCOMMON                   000071  000008  000079        71       1  COMMON      1
                text6                          0006B7  00000C  0006C3       D6E       0  CODE        2
                text7                          0006C3  00000E  0006D1       D86       0  CODE        2
                text4                          0006D1  000010  0006E1       DA2       0  CODE        2
                text3                          0006E1  000011  0006F2       DC2       0  CODE        2
                maintext                       0006F2  000014  000706       DE4       0  CODE        2
                text8                          000706  000016  00071C       E0C       0  CODE        2
                text2                          00071C  00001F  00073B       E38       0  CODE        2
                text5                          00073B  000033  00076E       E76       0  CODE        2
                text1                          00076E  00008E  0007FC       EDC       0  CODE        2
                cinit                          0007FC  000004  000800       FF8       0  CODE        2


UNUSED ADDRESS RANGES

        Name                Unused          Largest block    Delta
        BANK0            0029-006F             47           1
        BANK1            00A0-00EF             50           1
        BANK2            0110-016F             60           1
        BANK3            0190-01E4             55           1
        CODE             0014-06B6            6A3           2
                         0800-1EFF            800
        COMMON           0079-007D              5           1
        CONST            0014-06B6            100           2
                         0800-1EFF            100
        EEDATA           2100-21FF            100           2
        ENTRY            0014-06B6            100           2
                         0800-1EFF            100
        IDLOC            2000-2003              4           2
        RAM              0029-006F             47           1
                         00A0-00EF             50
                         0110-016F             60
                         0190-01E4             55
        SFR0             0000-001F             20           1
        SFR1             0080-009F             20           1
        SFR2             0100-010F             10           1
        SFR3             0180-018F             10           1
        STRCODE          0014-06B6            6A3           2
                         0800-1EFF           1700
        STRING           0014-06B6            100           2
                         0800-1EFF            100

                                  Symbol Table

?_stringLength           cstackCOMMON 0071
LCD_shift_right@i        cstackBANK0  0025
LCD_shift_right@j        cstackBANK0  0027
LCD_shift_right@len      cstackBANK0  0022
LCD_shift_right@word     cstackBANK0  0024
LCD_write@x              cstackCOMMON 0073
_ADCON1                  (abs)        009F
_LCD_enable              text7        06C3
_LCD_init                text5        073B
_LCD_line1               text4        06D1
_LCD_shift_right         text1        076E
_LCD_shift_right$68      cstackBANK0  0020
_LCD_write               text3        06E1
_PORTD                   (abs)        0008
_RA1                     (abs)        0029
_RE0                     (abs)        0048
_RE1                     (abs)        0049
_RE2                     (abs)        004A
_TRISD                   (abs)        0088
_TRISE                   (abs)        0089
__H__absolute__          __absolute__ 0000
__Habs1                  abs1         0000
__Hbank0                 bank0        0000
__Hbank1                 bank1        0000
__Hbank2                 bank2        0000
__Hbank3                 bank3        0000
__Hcinit                 cinit        0800
__Hclrtext               clrtext      0000
__Hcode                  code         0000
__Hcommon                common       0000
__Hconfig                config       2008
__HcstackBANK0           cstackBANK0  0000
__HcstackCOMMON          cstackCOMMON 0000
__Heeprom_data           eeprom_data  0000
__Hend_init              end_init     0004
__Hfunctab               functab      0000
__Hinit                  init         0001
__Hintentry              intentry     0001
__Hmaintext              maintext     0000
__Hpowerup               powerup      0000
__Hram                   ram          0000
__Hreset_vec             reset_vec    0001
__Hsfr0                  sfr0         0000
__Hsfr1                  sfr1         0000
__Hsfr2                  sfr2         0000
__Hsfr3                  sfr3         0000
__Hspace_0               (abs)        0800
__Hspace_1               (abs)        0079
__Hspace_2               (abs)        0000
__Hspace_3               (abs)        0000
__Hspace_4               (abs)        400F
__Hstack                 stack        0000
__Hstrings               strings      0000
__Htext                  text         0000
__L__absolute__          __absolute__ 0000
__Labs1                  abs1         0000
__Lbank0                 bank0        0000
__Lbank1                 bank1        0000
__Lbank2                 bank2        0000
__Lbank3                 bank3        0000
__Lcinit                 cinit        07FC
__Lclrtext               clrtext      0000
__Lcode                  code         0000
__Lcommon                common       0000
__Lconfig                config       0000
__LcstackBANK0           cstackBANK0  0000
__LcstackCOMMON          cstackCOMMON 0000
__Leeprom_data           eeprom_data  0000
__Lend_init              end_init     0001
__Lfunctab               functab      0000
__Linit                  init         0001
__Lintentry              intentry     0001
__Lmaintext              maintext     0000
__Lpowerup               powerup      0000
__Lram                   ram          0000
__Lreset_vec             reset_vec    0000
__Lsfr0                  sfr0         0000
__Lsfr1                  sfr1         0000
__Lsfr2                  sfr2         0000
__Lsfr3                  sfr3         0000
__Lspace_0               (abs)        0000
__Lspace_1               (abs)        0000
__Lspace_2               (abs)        0000
__Lspace_3               (abs)        0000
__Lspace_4               (abs)        0000
__Lstack                 stack        0000
__Lstrings               strings      0000
__Ltext                  text         0000
__S0                     (abs)        0800
__S1                     (abs)        0079
__S3                     (abs)        0000
___int_sp                stack        0000
___latbits               (abs)        0002
___sp                    stack        0000
___stackhi               (abs)        0000
___stacklo               (abs)        0000
__end_of_LCD_enable      text7        06D1
__end_of_LCD_init        text5        076E
__end_of_LCD_line1       text4        06E1
__end_of_LCD_shift_right text1        07FC
__end_of_LCD_write       text3        06F2
__end_of__initialization cinit        07FC
__end_of__stringtab      strings      000A
__end_of_delay           text8        071C
__end_of_init            text6        06C3
__end_of_main            maintext     0706
__end_of_stringLength    text2        073B
__initialization         cinit        07FC
__pcstackBANK0           cstackBANK0  0020
__pcstackCOMMON          cstackCOMMON 0071
__pmaintext              maintext     06F2
__pstrings               strings      0004
__ptext1                 text1        076E
__ptext2                 text2        071C
__ptext3                 text3        06E1
__ptext4                 text4        06D1
__ptext5                 text5        073B
__ptext6                 text6        06B7
__ptext7                 text7        06C3
__ptext8                 text8        0706
__stringbase             strings      0009
__stringtab              strings      0004
_delay                   text8        0706
_init                    text6        06B7
_main                    maintext     06F2
_stringLength            text2        071C
btemp                    (abs)        007E
delay@i                  cstackCOMMON 0071
end_of_initialization    cinit        07FC
intlevel0                functab      0000
intlevel1                functab      0000
intlevel2                functab      0000
intlevel3                functab      0000
intlevel4                functab      0000
intlevel5                functab      0000
reset_vec                reset_vec    0000
start                    init         0001
start_initialization     cinit        07FC
stringLength@len         cstackCOMMON 0073
stringLength@str         cstackCOMMON 0075
wtemp0                   (abs)        007E


MODULE INFORMATION

Module		Function		Class		Link	Load	Size
./lcd.h
		_init          		CODE           	06B7	0000	12
		_delay         		CODE           	0706	0000	22
		_LCD_write     		CODE           	06E1	0000	17
		_LCD_enable    		CODE           	06C3	0000	14
		_LCD_init      		CODE           	073B	0000	51
		_LCD_line1     		CODE           	06D1	0000	16

./lcd.h estimated size: 132

shared
		__stringtab    		STRING         	0004	0000	6
		__initialization		CODE           	07FC	0000	1

shared estimated size: 7

simulates_a_marquee_lcd.c
		_main          		CODE           	06F2	0000	20
		_stringLength  		CODE           	071C	0000	31
		_LCD_shift_right		CODE           	076E	0000	142

simulates_a_marquee_lcd.c estimated size: 193

